initialize():
0.00028625
get_ID:
0.000251112
get_SEQ():
0.000267929
get_ID_SEQ():
0.000414563
0.000407137
0.000406895
0.00042399
